
> @harnessdg/web@1.0.0 build D:\workspace\opengeobot\qoder\HarnessDG\frontend\apps\web
> tsc -b && vite build

[36mvite v6.4.2 [32mbuilding for production...[36m[39m
transforming...
[32m✓[39m 3209 modules transformed.
rendering chunks...
computing gzip size...
[2mdist/[22m[32mindex.html                           [39m[1m[2m    0.77 kB[22m[1m[22m[2m │ gzip:   0.38 kB[22m
[2mdist/[22m[35massets/index-Um2myT9o.css            [39m[1m[2m    2.81 kB[22m[1m[22m[2m │ gzip:   0.97 kB[22m
[2mdist/[22m[36massets/index-CY07_A42.js             [39m[1m[2m    0.16 kB[22m[1m[22m[2m │ gzip:   0.15 kB[22m
[2mdist/[22m[36massets/DictTag-Bxx7WXw6.js           [39m[1m[2m    0.35 kB[22m[1m[22m[2m │ gzip:   0.26 kB[22m
[2mdist/[22m[36massets/index-XNL_kyJf.js             [39m[1m[2m    0.42 kB[22m[1m[22m[2m │ gzip:   0.32 kB[22m
[2mdist/[22m[36massets/ingestionApi-BWlToRSF.js      [39m[1m[2m    0.42 kB[22m[1m[22m[2m │ gzip:   0.21 kB[22m
[2mdist/[22m[36massets/index-v1iiJIak.js             [39m[1m[2m    0.42 kB[22m[1m[22m[2m │ gzip:   0.32 kB[22m
[2mdist/[22m[36massets/index-DUxH1bFU.js             [39m[1m[2m    0.43 kB[22m[1m[22m[2m │ gzip:   0.32 kB[22m
[2mdist/[22m[36massets/DictSelect-CYEEy0RI.js        [39m[1m[2m    0.46 kB[22m[1m[22m[2m │ gzip:   0.32 kB[22m
[2mdist/[22m[36massets/approvalApi-D2bGFRWA.js       [39m[1m[2m    0.53 kB[22m[1m[22m[2m │ gzip:   0.24 kB[22m
[2mdist/[22m[36massets/useDictionary-BcDkjrZp.js     [39m[1m[2m    0.72 kB[22m[1m[22m[2m │ gzip:   0.43 kB[22m
[2mdist/[22m[36massets/index-CvVGYMRg.js             [39m[1m[2m    1.59 kB[22m[1m[22m[2m │ gzip:   0.73 kB[22m
[2mdist/[22m[36massets/LoginPage-6PzoCzXP.js         [39m[1m[2m    1.75 kB[22m[1m[22m[2m │ gzip:   1.00 kB[22m
[2mdist/[22m[36massets/ReportView-CS-bj8JC.js        [39m[1m[2m    1.92 kB[22m[1m[22m[2m │ gzip:   0.98 kB[22m
[2mdist/[22m[36massets/ProfilePage-B-BJdkXu.js       [39m[1m[2m    1.97 kB[22m[1m[22m[2m │ gzip:   0.84 kB[22m
[2mdist/[22m[36massets/index-D85cOBNS.js             [39m[1m[2m    2.68 kB[22m[1m[22m[2m │ gzip:   1.24 kB[22m
[2mdist/[22m[36massets/index-B5bJTRf9.js             [39m[1m[2m    3.04 kB[22m[1m[22m[2m │ gzip:   1.34 kB[22m
[2mdist/[22m[36massets/ApprovalList-D-lONO65.js      [39m[1m[2m    3.14 kB[22m[1m[22m[2m │ gzip:   1.42 kB[22m
[2mdist/[22m[36massets/ApprovalDetail-Bsgs2MWN.js    [39m[1m[2m    3.37 kB[22m[1m[22m[2m │ gzip:   1.47 kB[22m
[2mdist/[22m[36massets/index-qt7_Rb4_.js             [39m[1m[2m    3.45 kB[22m[1m[22m[2m │ gzip:   1.55 kB[22m
[2mdist/[22m[36massets/index-DMQ1LowA.js             [39m[1m[2m    3.59 kB[22m[1m[22m[2m │ gzip:   1.76 kB[22m
[2mdist/[22m[36massets/index-BPck_Y6c.js             [39m[1m[2m    4.58 kB[22m[1m[22m[2m │ gzip:   1.84 kB[22m
[2mdist/[22m[36massets/IngestionWizard-C2KAlx6d.js   [39m[1m[2m    4.58 kB[22m[1m[22m[2m │ gzip:   1.81 kB[22m
[2mdist/[22m[36massets/RoleList-C6YIJqeX.js          [39m[1m[2m    5.35 kB[22m[1m[22m[2m │ gzip:   1.79 kB[22m
[2mdist/[22m[36massets/index-BA7cHKMZ.js             [39m[1m[2m    5.57 kB[22m[1m[22m[2m │ gzip:   1.72 kB[22m
[2mdist/[22m[36massets/index-B5GkTEQ-.js             [39m[1m[2m    5.85 kB[22m[1m[22m[2m │ gzip:   1.94 kB[22m
[2mdist/[22m[36massets/UserList-C-J1vGaO.js          [39m[1m[2m    6.09 kB[22m[1m[22m[2m │ gzip:   1.97 kB[22m
[2mdist/[22m[36massets/AuditPage-CfPPc2ar.js         [39m[1m[2m    6.76 kB[22m[1m[22m[2m │ gzip:   2.40 kB[22m
[2mdist/[22m[36massets/DictionaryAdmin-D8mw7Lnp.js   [39m[1m[2m    8.94 kB[22m[1m[22m[2m │ gzip:   2.84 kB[22m
[2mdist/[22m[36massets/SystemConfigPage-6rhEtiIw.js  [39m[1m[2m    9.41 kB[22m[1m[22m[2m │ gzip:   2.75 kB[22m
[2mdist/[22m[36massets/DictionaryPage-C67IWK1g.js    [39m[1m[2m    9.58 kB[22m[1m[22m[2m │ gzip:   3.07 kB[22m
[2mdist/[22m[36massets/query-Cz-34vkN.js             [39m[1m[2m   29.24 kB[22m[1m[22m[2m │ gzip:   9.14 kB[22m
[2mdist/[22m[36massets/vendor-BVPkx4aj.js            [39m[1m[2m   37.33 kB[22m[1m[22m[2m │ gzip:  13.43 kB[22m
[2mdist/[22m[36massets/i18n-BDvuSfpe.js              [39m[1m[2m   49.40 kB[22m[1m[22m[2m │ gzip:  15.36 kB[22m
[2mdist/[22m[36massets/index-iPTUyafJ.js             [39m[1m[2m   88.79 kB[22m[1m[22m[2m │ gzip:  33.37 kB[22m
[2mdist/[22m[36massets/antd-CkQM-U6T.js              [39m[1m[33m1,345.64 kB[39m[22m[2m │ gzip: 421.71 kB[22m
[33m
(!) Some chunks are larger than 500 kB after minification. Consider:
- Using dynamic import() to code-split the application
- Use build.rollupOptions.output.manualChunks to improve chunking: https://rollupjs.org/configuration-options/#output-manualchunks
- Adjust chunk size limit for this warning via build.chunkSizeWarningLimit.[39m
[32m✓ built in 55.11s[39m
